// Jest Snapshot v1, https://goo.gl/fbAQLP

exports[`<singleGif/> testing component snapshot 1`] = `
<Fragment>
  <Gif
    gif={
      Object {
        "images": Object {
          "fixed_height_downsampled": Object {
            "url": "fhdUrl",
          },
          "fixed_height_still": Object {
            "url": "fhsUrl",
          },
          "fixed_width_downsampled": Object {
            "url": "fwdUrl",
          },
          "fixed_width_still": Object {
            "url": "fwsURL",
          },
        },
      }
    }
    type="fixed-height"
  />
</Fragment>
`;
